[0.017s][info][gc] Using Parallel
[1.069s][info][gc] GC(0) Pause Young (Allocation Failure) 3M->1M(11M) 7.434ms
[4.863s][info][gc] GC(1) Pause Young (Allocation Failure) 4M->2M(11M) 2.801ms
[4.979s][info][gc] GC(2) Pause Young (Allocation Failure) 5M->3M(11M) 1.913ms
[5.079s][info][gc] GC(3) Pause Young (Allocation Failure) 6M->3M(11M) 2.936ms
[7.086s][info][gc] GC(4) Pause Young (Allocation Failure) 6M->4M(11M) 3.933ms
[7.246s][info][gc] GC(5) Pause Young (Allocation Failure) 7M->5M(10M) 2.607ms
[7.318s][info][gc] GC(6) Pause Young (Allocation Failure) 7M->5M(11M) 2.005ms
[7.545s][info][gc] GC(7) Pause Young (Allocation Failure) 7M->5M(11M) 3.582ms
[8.737s][info][gc] GC(8) Pause Young (Allocation Failure) 7M->6M(11M) 7.315ms
[20.782s][info][gc] GC(9) Pause Young (Allocation Failure) 8M->6M(11M) 2.679ms
[40.717s][info][gc] GC(10) Pause Young (Allocation Failure) 8M->6M(11M) 3.164ms
[60.717s][info][gc] GC(11) Pause Young (Allocation Failure) 8M->6M(11M) 0.502ms
[69.154s][info][gc] GC(12) Pause Young (Allocation Failure) 8M->7M(11M) 3.258ms
[88.878s][info][gc] GC(13) Pause Full (Ergonomics) 9M->5M(11M) 59.282ms
[110.749s][info][gc] GC(14) Pause Young (Allocation Failure) 7M->5M(11M) 1.570ms
[111.302s][info][gc] GC(15) Pause Young (Allocation Failure) 7M->6M(11M) 0.808ms
[111.312s][info][gc] GC(16) Pause Young (Allocation Failure) 8M->6M(11M) 0.557ms
[111.317s][info][gc] GC(17) Pause Young (Allocation Failure) 8M->6M(11M) 0.374ms
[111.321s][info][gc] GC(18) Pause Young (Allocation Failure) 8M->6M(11M) 0.371ms
[111.326s][info][gc] GC(19) Pause Young (Allocation Failure) 8M->6M(11M) 0.465ms
[111.330s][info][gc] GC(20) Pause Young (Allocation Failure) 8M->6M(11M) 0.371ms
[111.333s][info][gc] GC(21) Pause Young (Allocation Failure) 8M->6M(11M) 0.333ms
[111.338s][info][gc] GC(22) Pause Young (Allocation Failure) 8M->6M(11M) 0.392ms
[111.341s][info][gc] GC(23) Pause Young (Allocation Failure) 8M->6M(11M) 0.413ms
[111.345s][info][gc] GC(24) Pause Young (Allocation Failure) 8M->6M(11M) 0.311ms
[111.348s][info][gc] GC(25) Pause Young (Allocation Failure) 8M->7M(11M) 0.346ms
[111.352s][info][gc] GC(26) Pause Young (Allocation Failure) 9M->7M(11M) 0.366ms
[111.386s][info][gc] GC(27) Pause Full (Ergonomics) 9M->6M(11M) 31.354ms
[111.390s][info][gc] GC(28) Pause Young (Allocation Failure) 8M->7M(11M) 0.427ms
[121.851s][info][gc] GC(29) Pause Young (Allocation Failure) 9M->6M(11M) 0.723ms
[142.767s][info][gc] GC(30) Pause Young (Allocation Failure) 8M->6M(11M) 1.167ms
[164.868s][info][gc] GC(31) Pause Young (Allocation Failure) 8M->6M(11M) 0.338ms
[175.869s][info][gc] GC(32) Pause Young (Allocation Failure) 8M->7M(11M) 0.619ms
[197.887s][info][gc] GC(33) Pause Young (Allocation Failure) 9M->6M(11M) 0.507ms
[219.903s][info][gc] GC(34) Pause Young (Allocation Failure) 8M->6M(11M) 0.384ms
[242.822s][info][gc] GC(35) Pause Young (Allocation Failure) 8M->6M(11M) 1.137ms
[264.956s][info][gc] GC(36) Pause Young (Allocation Failure) 8M->6M(11M) 0.786ms
[286.980s][info][gc] GC(37) Pause Young (Allocation Failure) 8M->6M(11M) 1.026ms
[308.991s][info][gc] GC(38) Pause Young (Allocation Failure) 8M->6M(11M) 0.503ms
[321.774s][info][gc] GC(39) Pause Young (Allocation Failure) 8M->6M(11M) 0.450ms
[333.006s][info][gc] GC(40) Pause Young (Allocation Failure) 8M->7M(11M) 0.460ms
[356.017s][info][gc] GC(41) Pause Young (Allocation Failure) 9M->7M(11M) 0.647ms
[379.042s][info][gc] GC(42) Pause Full (Ergonomics) 9M->5M(11M) 17.753ms
[401.891s][info][gc] GC(43) Pause Young (Allocation Failure) 7M->5M(11M) 0.440ms
[424.899s][info][gc] GC(44) Pause Young (Allocation Failure) 7M->5M(11M) 0.408ms
[447.069s][info][gc] GC(45) Pause Young (Allocation Failure) 7M->5M(11M) 0.314ms
[470.083s][info][gc] GC(46) Pause Young (Allocation Failure) 7M->5M(11M) 0.398ms
[493.109s][info][gc] GC(47) Pause Young (Allocation Failure) 7M->5M(11M) 1.038ms
[516.127s][info][gc] GC(48) Pause Young (Allocation Failure) 7M->5M(11M) 1.140ms
[539.144s][info][gc] GC(49) Pause Young (Allocation Failure) 7M->6M(11M) 0.407ms
[562.167s][info][gc] GC(50) Pause Young (Allocation Failure) 8M->6M(11M) 0.464ms
[585.186s][info][gc] GC(51) Pause Young (Allocation Failure) 8M->6M(11M) 0.367ms
[607.539s][info][gc] GC(52) Pause Young (Allocation Failure) 8M->6M(11M) 0.564ms
