[0.029s][info][gc] Using The Z Garbage Collector
[0.218s][info][gc] GC(0) Garbage Collection (Warmup) 4M(20%)->4M(20%)
[0.309s][info][gc] GC(1) Garbage Collection (Warmup) 6M(30%)->6M(30%)
[0.419s][info][gc] GC(2) Garbage Collection (Warmup) 6M(30%)->4M(20%)
[1.408s][info][gc] GC(3) Garbage Collection (Proactive) 6M(30%)->6M(30%)
[12.531s][info][gc] GC(4) Garbage Collection (Proactive) 10M(50%)->6M(30%)
[12.751s][info][gc] GC(5) Garbage Collection (Allocation Rate) 14M(70%)->10M(50%)
[12.819s][info][gc] GC(6) Garbage Collection (Allocation Rate) 10M(50%)->8M(40%)
[12.909s][info][gc] GC(7) Garbage Collection (Allocation Rate) 8M(40%)->6M(30%)
[13.035s][info][gc] GC(8) Garbage Collection (Allocation Rate) 6M(30%)->6M(30%)
[13.119s][info][gc] GC(9) Garbage Collection (Allocation Rate) 6M(30%)->6M(30%)
[13.224s][info][gc] GC(10) Garbage Collection (Allocation Rate) 6M(30%)->6M(30%)
[14.819s][info][gc] GC(11) Garbage Collection (Allocation Rate) 14M(70%)->8M(40%)
[15.023s][info][gc] GC(12) Garbage Collection (Allocation Rate) 12M(60%)->10M(50%)
[15.117s][info][gc] GC(13) Garbage Collection (Allocation Rate) 10M(50%)->8M(40%)
[15.217s][info][gc] GC(14) Garbage Collection (Allocation Rate) 8M(40%)->8M(40%)
[16.816s][info][gc] GC(15) Garbage Collection (Proactive) 10M(50%)->10M(50%)
[24.122s][info][gc] GC(16) Garbage Collection (Proactive) 12M(60%)->8M(40%)
[25.918s][info][gc] GC(17) Garbage Collection (Proactive) 10M(50%)->8M(40%)
[27.519s][info][gc] GC(18) Garbage Collection (Proactive) 10M(50%)->8M(40%)
[29.222s][info][gc] GC(19) Garbage Collection (Proactive) 10M(50%)->6M(30%)
[30.930s][info][gc] GC(20) Garbage Collection (Proactive) 8M(40%)->6M(30%)
[33.542s][info][gc] GC(21) Garbage Collection (Proactive) 8M(40%)->6M(30%)
[37.039s][info][gc] GC(22) Garbage Collection (Proactive) 8M(40%)->6M(30%)
[40.026s][info][gc] GC(23) Garbage Collection (Proactive) 8M(40%)->8M(40%)
[50.215s][info][gc] GC(24) Garbage Collection (Proactive) 10M(50%)->6M(30%)
[53.043s][info][gc] GC(25) Garbage Collection (Proactive) 8M(40%)->6M(30%)
[57.442s][info][gc] GC(26) Garbage Collection (Proactive) 10M(50%)->10M(50%)
[68.218s][info][gc] GC(27) Garbage Collection (Proactive) 12M(60%)->8M(40%)
[71.645s][info][gc] GC(28) Garbage Collection (Proactive) 10M(50%)->8M(40%)
[75.716s][info][gc] GC(29) Garbage Collection (Proactive) 10M(50%)->8M(40%)
[77.643s][info][gc] Allocation Stall (main) 25.929ms
[77.647s][info][gc] GC(30) Garbage Collection (Allocation Stall) 20M(100%)->12M(60%)
[77.677s][info][gc] Allocation Stall (main) 20.062ms
[77.678s][info][gc] GC(31) Garbage Collection (Allocation Stall) 20M(100%)->14M(70%)
[77.707s][info][gc] Allocation Stall (main) 20.372ms
[77.709s][info][gc] GC(32) Garbage Collection (Allocation Stall) 20M(100%)->18M(90%)
[77.848s][info][gc] GC(33) Garbage Collection (Allocation Rate) 18M(90%)->8M(40%)
[77.922s][info][gc] GC(34) Garbage Collection (Allocation Rate) 8M(40%)->8M(40%)
[78.033s][info][gc] GC(35) Garbage Collection (Allocation Rate) 8M(40%)->8M(40%)
[78.128s][info][gc] GC(36) Garbage Collection (Allocation Rate) 10M(50%)->10M(50%)
[78.236s][info][gc] GC(37) Garbage Collection (Allocation Rate) 10M(50%)->8M(40%)
[78.337s][info][gc] GC(38) Garbage Collection (Allocation Rate) 8M(40%)->8M(40%)
[78.444s][info][gc] GC(39) Garbage Collection (Allocation Rate) 8M(40%)->8M(40%)
[78.540s][info][gc] GC(40) Garbage Collection (Allocation Rate) 8M(40%)->8M(40%)
[78.743s][info][gc] GC(41) Garbage Collection (Allocation Rate) 8M(40%)->8M(40%)
[78.836s][info][gc] GC(42) Garbage Collection (Allocation Rate) 8M(40%)->8M(40%)
[78.936s][info][gc] GC(43) Garbage Collection (Allocation Rate) 8M(40%)->8M(40%)
[79.026s][info][gc] GC(44) Garbage Collection (Allocation Rate) 8M(40%)->8M(40%)
[79.130s][info][gc] GC(45) Garbage Collection (Allocation Rate) 10M(50%)->8M(40%)
[79.216s][info][gc] GC(46) Garbage Collection (Allocation Rate) 10M(50%)->8M(40%)
[79.333s][info][gc] GC(47) Garbage Collection (Allocation Rate) 8M(40%)->8M(40%)
[79.456s][info][gc] GC(48) Garbage Collection (Allocation Rate) 8M(40%)->8M(40%)
[79.536s][info][gc] GC(49) Garbage Collection (Allocation Rate) 8M(40%)->8M(40%)
[83.225s][info][gc] GC(50) Garbage Collection (Proactive) 10M(50%)->8M(40%)
[86.442s][info][gc] GC(51) Garbage Collection (Proactive) 10M(50%)->8M(40%)
[89.920s][info][gc] GC(52) Garbage Collection (Proactive) 10M(50%)->8M(40%)
[93.041s][info][gc] GC(53) Garbage Collection (Proactive) 10M(50%)->8M(40%)
[96.539s][info][gc] GC(54) Garbage Collection (Proactive) 10M(50%)->8M(40%)
[99.639s][info][gc] GC(55) Garbage Collection (Proactive) 10M(50%)->8M(40%)
[102.544s][info][gc] GC(56) Garbage Collection (Proactive) 10M(50%)->8M(40%)
[105.638s][info][gc] GC(57) Garbage Collection (Proactive) 10M(50%)->8M(40%)
[108.448s][info][gc] GC(58) Garbage Collection (Proactive) 10M(50%)->8M(40%)
[111.843s][info][gc] GC(59) Garbage Collection (Proactive) 10M(50%)->8M(40%)
[114.822s][info][gc] GC(60) Garbage Collection (Proactive) 10M(50%)->8M(40%)
[118.215s][info][gc] GC(61) Garbage Collection (Proactive) 10M(50%)->8M(40%)
[120.842s][info][gc] GC(62) Garbage Collection (Proactive) 10M(50%)->8M(40%)
[124.852s][info][gc] GC(63) Garbage Collection (Proactive) 10M(50%)->8M(40%)
[129.118s][info][gc] GC(64) Garbage Collection (Proactive) 12M(60%)->12M(60%)
[141.217s][info][gc] GC(65) Garbage Collection (Proactive) 14M(70%)->8M(40%)
[144.042s][info][gc] GC(66) Garbage Collection (Proactive) 10M(50%)->8M(40%)
[148.046s][info][gc] GC(67) Garbage Collection (Proactive) 10M(50%)->8M(40%)
[151.852s][info][gc] GC(68) Garbage Collection (Proactive) 10M(50%)->8M(40%)
[155.637s][info][gc] GC(69) Garbage Collection (Proactive) 10M(50%)->8M(40%)
[159.088s][info][gc] GC(70) Garbage Collection (Proactive) 10M(50%)->8M(40%)
[166.849s][info][gc] GC(71) Garbage Collection (Proactive) 10M(50%)->8M(40%)
[173.037s][info][gc] GC(72) Garbage Collection (Proactive) 10M(50%)->8M(40%)
[177.746s][info][gc] GC(73) Garbage Collection (Proactive) 10M(50%)->8M(40%)
[181.528s][info][gc] GC(74) Garbage Collection (Proactive) 10M(50%)->8M(40%)
[184.942s][info][gc] GC(75) Garbage Collection (Proactive) 10M(50%)->8M(40%)
[188.338s][info][gc] GC(76) Garbage Collection (Proactive) 10M(50%)->8M(40%)
[191.219s][info][gc] GC(77) Garbage Collection (Proactive) 10M(50%)->10M(50%)
[206.334s][info][gc] GC(78) Garbage Collection (Proactive) 12M(60%)->8M(40%)
[209.339s][info][gc] GC(79) Garbage Collection (Proactive) 10M(50%)->8M(40%)
[212.336s][info][gc] GC(80) Garbage Collection (Proactive) 10M(50%)->8M(40%)
[214.916s][info][gc] GC(81) Garbage Collection (Proactive) 10M(50%)->8M(40%)
[217.834s][info][gc] GC(82) Garbage Collection (Proactive) 10M(50%)->8M(40%)
[221.037s][info][gc] GC(83) Garbage Collection (Proactive) 10M(50%)->8M(40%)
[223.931s][info][gc] GC(84) Garbage Collection (Proactive) 10M(50%)->8M(40%)
[226.536s][info][gc] GC(85) Garbage Collection (Proactive) 10M(50%)->8M(40%)
[229.044s][info][gc] GC(86) Garbage Collection (Proactive) 10M(50%)->8M(40%)
[232.120s][info][gc] GC(87) Garbage Collection (Proactive) 12M(60%)->10M(50%)
[235.315s][info][gc] GC(88) Garbage Collection (Proactive) 12M(60%)->10M(50%)
[237.714s][info][gc] GC(89) Garbage Collection (Proactive) 12M(60%)->10M(50%)
[239.515s][info][gc] GC(90) Garbage Collection (Proactive) 12M(60%)->10M(50%)
[241.014s][info][gc] GC(91) Garbage Collection (Proactive) 12M(60%)->10M(50%)
[242.315s][info][gc] GC(92) Garbage Collection (Proactive) 12M(60%)->10M(50%)
[243.515s][info][gc] GC(93) Garbage Collection (Proactive) 12M(60%)->10M(50%)
[244.713s][info][gc] GC(94) Garbage Collection (Proactive) 12M(60%)->10M(50%)
[245.813s][info][gc] GC(95) Garbage Collection (Proactive) 12M(60%)->10M(50%)
[246.913s][info][gc] GC(96) Garbage Collection (Proactive) 12M(60%)->10M(50%)
[247.912s][info][gc] GC(97) Garbage Collection (Proactive) 12M(60%)->10M(50%)
[248.913s][info][gc] GC(98) Garbage Collection (Proactive) 12M(60%)->10M(50%)
[249.913s][info][gc] GC(99) Garbage Collection (Proactive) 12M(60%)->10M(50%)
[250.912s][info][gc] GC(100) Garbage Collection (Proactive) 12M(60%)->10M(50%)
[251.913s][info][gc] GC(101) Garbage Collection (Proactive) 12M(60%)->10M(50%)
[252.913s][info][gc] GC(102) Garbage Collection (Proactive) 12M(60%)->10M(50%)
[253.912s][info][gc] GC(103) Garbage Collection (Proactive) 12M(60%)->10M(50%)
[254.913s][info][gc] GC(104) Garbage Collection (Proactive) 12M(60%)->10M(50%)
[255.913s][info][gc] GC(105) Garbage Collection (Proactive) 12M(60%)->10M(50%)
[256.913s][info][gc] GC(106) Garbage Collection (Proactive) 12M(60%)->10M(50%)
[257.913s][info][gc] GC(107) Garbage Collection (Proactive) 12M(60%)->10M(50%)
[258.913s][info][gc] GC(108) Garbage Collection (Proactive) 12M(60%)->10M(50%)
[259.913s][info][gc] GC(109) Garbage Collection (Proactive) 12M(60%)->10M(50%)
[260.913s][info][gc] GC(110) Garbage Collection (Proactive) 12M(60%)->10M(50%)
[261.914s][info][gc] GC(111) Garbage Collection (Proactive) 12M(60%)->10M(50%)
[263.115s][info][gc] GC(112) Garbage Collection (Proactive) 12M(60%)->10M(50%)
[264.313s][info][gc] GC(113) Garbage Collection (Proactive) 12M(60%)->10M(50%)
[265.513s][info][gc] GC(114) Garbage Collection (Proactive) 12M(60%)->10M(50%)
[266.614s][info][gc] GC(115) Garbage Collection (Proactive) 12M(60%)->10M(50%)
[267.713s][info][gc] GC(116) Garbage Collection (Proactive) 12M(60%)->10M(50%)
[268.813s][info][gc] GC(117) Garbage Collection (Proactive) 12M(60%)->10M(50%)
[269.813s][info][gc] GC(118) Garbage Collection (Proactive) 12M(60%)->10M(50%)
[270.813s][info][gc] GC(119) Garbage Collection (Proactive) 12M(60%)->10M(50%)
[271.813s][info][gc] GC(120) Garbage Collection (Proactive) 12M(60%)->10M(50%)
[272.813s][info][gc] GC(121) Garbage Collection (Proactive) 12M(60%)->10M(50%)
[273.815s][info][gc] GC(122) Garbage Collection (Proactive) 12M(60%)->10M(50%)
[275.016s][info][gc] GC(123) Garbage Collection (Proactive) 12M(60%)->10M(50%)
[276.216s][info][gc] GC(124) Garbage Collection (Proactive) 12M(60%)->10M(50%)
[277.415s][info][gc] GC(125) Garbage Collection (Proactive) 12M(60%)->10M(50%)
[278.515s][info][gc] GC(126) Garbage Collection (Proactive) 12M(60%)->10M(50%)
[279.613s][info][gc] GC(127) Garbage Collection (Proactive) 12M(60%)->10M(50%)
[280.813s][info][gc] GC(128) Garbage Collection (Proactive) 12M(60%)->10M(50%)
[281.928s][info][gc] GC(129) Garbage Collection (Proactive) 12M(60%)->10M(50%)
[284.515s][info][gc] GC(130) Garbage Collection (Proactive) 12M(60%)->10M(50%)
[286.614s][info][gc] GC(131) Garbage Collection (Proactive) 12M(60%)->10M(50%)
[288.213s][info][gc] GC(132) Garbage Collection (Proactive) 12M(60%)->10M(50%)
[289.613s][info][gc] GC(133) Garbage Collection (Proactive) 12M(60%)->10M(50%)
[290.813s][info][gc] GC(134) Garbage Collection (Proactive) 12M(60%)->10M(50%)
[291.914s][info][gc] GC(135) Garbage Collection (Proactive) 12M(60%)->10M(50%)
[293.012s][info][gc] GC(136) Garbage Collection (Proactive) 12M(60%)->10M(50%)
[294.013s][info][gc] GC(137) Garbage Collection (Proactive) 12M(60%)->10M(50%)
[295.013s][info][gc] GC(138) Garbage Collection (Proactive) 12M(60%)->10M(50%)
[296.013s][info][gc] GC(139) Garbage Collection (Proactive) 12M(60%)->10M(50%)
[297.016s][info][gc] GC(140) Garbage Collection (Proactive) 12M(60%)->10M(50%)
[298.219s][info][gc] GC(141) Garbage Collection (Proactive) 12M(60%)->10M(50%)
[299.716s][info][gc] GC(142) Garbage Collection (Proactive) 12M(60%)->10M(50%)
[301.014s][info][gc] GC(143) Garbage Collection (Proactive) 12M(60%)->10M(50%)
[302.217s][info][gc] GC(144) Garbage Collection (Proactive) 12M(60%)->12M(60%)
[315.316s][info][gc] GC(145) Garbage Collection (Proactive) 14M(70%)->10M(50%)
[316.516s][info][gc] GC(146) Garbage Collection (Proactive) 12M(60%)->10M(50%)
[317.715s][info][gc] GC(147) Garbage Collection (Proactive) 12M(60%)->10M(50%)
[318.915s][info][gc] GC(148) Garbage Collection (Proactive) 12M(60%)->10M(50%)
[320.113s][info][gc] GC(149) Garbage Collection (Proactive) 12M(60%)->10M(50%)
[321.313s][info][gc] GC(150) Garbage Collection (Proactive) 12M(60%)->10M(50%)
[322.413s][info][gc] GC(151) Garbage Collection (Proactive) 12M(60%)->10M(50%)
[323.413s][info][gc] GC(152) Garbage Collection (Proactive) 12M(60%)->10M(50%)
[324.413s][info][gc] GC(153) Garbage Collection (Proactive) 12M(60%)->10M(50%)
[325.413s][info][gc] GC(154) Garbage Collection (Proactive) 12M(60%)->10M(50%)
[326.413s][info][gc] GC(155) Garbage Collection (Proactive) 12M(60%)->10M(50%)
[327.413s][info][gc] GC(156) Garbage Collection (Proactive) 12M(60%)->10M(50%)
[328.413s][info][gc] GC(157) Garbage Collection (Proactive) 12M(60%)->10M(50%)
[329.413s][info][gc] GC(158) Garbage Collection (Proactive) 12M(60%)->10M(50%)
[330.414s][info][gc] GC(159) Garbage Collection (Proactive) 12M(60%)->10M(50%)
[331.514s][info][gc] GC(160) Garbage Collection (Proactive) 12M(60%)->10M(50%)
[332.613s][info][gc] GC(161) Garbage Collection (Proactive) 12M(60%)->10M(50%)
[333.712s][info][gc] GC(162) Garbage Collection (Proactive) 12M(60%)->10M(50%)
[334.713s][info][gc] GC(163) Garbage Collection (Proactive) 12M(60%)->10M(50%)
[335.714s][info][gc] GC(164) Garbage Collection (Proactive) 12M(60%)->10M(50%)
[336.713s][info][gc] GC(165) Garbage Collection (Proactive) 12M(60%)->10M(50%)
[337.713s][info][gc] GC(166) Garbage Collection (Proactive) 12M(60%)->10M(50%)
[338.713s][info][gc] GC(167) Garbage Collection (Proactive) 12M(60%)->10M(50%)
[339.713s][info][gc] GC(168) Garbage Collection (Proactive) 12M(60%)->10M(50%)
[340.713s][info][gc] GC(169) Garbage Collection (Proactive) 12M(60%)->10M(50%)
[341.713s][info][gc] GC(170) Garbage Collection (Proactive) 12M(60%)->10M(50%)
[342.712s][info][gc] GC(171) Garbage Collection (Proactive) 12M(60%)->10M(50%)
[343.713s][info][gc] GC(172) Garbage Collection (Proactive) 12M(60%)->10M(50%)
[344.713s][info][gc] GC(173) Garbage Collection (Proactive) 12M(60%)->10M(50%)
[345.713s][info][gc] GC(174) Garbage Collection (Proactive) 12M(60%)->10M(50%)
[346.713s][info][gc] GC(175) Garbage Collection (Proactive) 12M(60%)->10M(50%)
[347.714s][info][gc] GC(176) Garbage Collection (Proactive) 12M(60%)->10M(50%)
[348.713s][info][gc] GC(177) Garbage Collection (Proactive) 12M(60%)->10M(50%)
[349.713s][info][gc] GC(178) Garbage Collection (Proactive) 12M(60%)->10M(50%)
[350.712s][info][gc] GC(179) Garbage Collection (Proactive) 12M(60%)->10M(50%)
[351.713s][info][gc] GC(180) Garbage Collection (Proactive) 12M(60%)->10M(50%)
[352.713s][info][gc] GC(181) Garbage Collection (Proactive) 12M(60%)->10M(50%)
[353.713s][info][gc] GC(182) Garbage Collection (Proactive) 12M(60%)->10M(50%)
[354.713s][info][gc] GC(183) Garbage Collection (Proactive) 12M(60%)->10M(50%)
[355.713s][info][gc] GC(184) Garbage Collection (Proactive) 12M(60%)->10M(50%)
[356.713s][info][gc] GC(185) Garbage Collection (Proactive) 12M(60%)->10M(50%)
[357.715s][info][gc] GC(186) Garbage Collection (Proactive) 12M(60%)->10M(50%)
[358.915s][info][gc] GC(187) Garbage Collection (Proactive) 12M(60%)->10M(50%)
[360.113s][info][gc] GC(188) Garbage Collection (Proactive) 12M(60%)->10M(50%)
[361.316s][info][gc] GC(189) Garbage Collection (Proactive) 12M(60%)->10M(50%)
[377.415s][info][gc] GC(190) Garbage Collection (Proactive) 12M(60%)->8M(40%)
[378.743s][info][gc] GC(191) Garbage Collection (Proactive) 10M(50%)->8M(40%)
[382.840s][info][gc] GC(192) Garbage Collection (Proactive) 10M(50%)->8M(40%)
